<html>
<body>
<pre>
<h1>µVision Build Log</h1>
<h2>Tool Versions:</h2>
IDE-Version: µVision V5.26.2.0
Copyright (C) 2018 ARM Ltd and ARM Germany GmbH. All rights reserved.
License Information:   ,   , LIC=----
 
Tool Versions:
Toolchain:       MDK-Lite  Version: 5.26.2.0
Toolchain Path:  C:\Keil_v5\ARM\ARMCC\Bin
C Compiler:      Armcc.exe V5.06 update 6 (build 750)
Assembler:       Armasm.exe V5.06 update 6 (build 750)
Linker/Locator:  ArmLink.exe V5.06 update 6 (build 750)
Library Manager: ArmAr.exe V5.06 update 6 (build 750)
Hex Converter:   FromElf.exe V5.06 update 6 (build 750)
CPU DLL:         SARMCM3.DLL V5.26.2.0
Dialog DLL:      DCM.DLL V1.17.2.0
Target DLL:      UL2CM3.DLL V1.161.6.0
Dialog DLL:      TCM.DLL V1.36.1.0
 
<h2>Project:</h2>
C:\Users\mkhan138\GXX_Lab1\GXX_Lab1.uvprojx
Project File Date:  01/20/2020

<h2>Output:</h2>
*** Using Compiler 'V5.06 update 6 (build 750)', folder: 'C:\Keil_v5\ARM\ARMCC\Bin'
Build target 'GXX_Lab1'
compiling main.c...
./inc/asm_am.h(6): warning:  #1-D: last line of file ends without a newline
  #endif
./inc/asm_sd.h(6): warning:  #1-D: last line of file ends without a newline
  #endif
src\main.c: 2 warnings, 0 errors
linking...
Program Size: Code=10372 RO-data=492 RW-data=4080 ZI-data=16448  
".\Objects\GXX_Lab1.axf" - 0 Error(s), 2 Warning(s).

<h2>Software Packages used:</h2>

Package Vendor: ARM
                http://www.keil.com/pack/ARM.CMSIS.5.5.1.pack
                ARM.CMSIS.5.5.1
                CMSIS (Cortex Microcontroller Software Interface Standard)
   * Component: CORE Version: 5.2.0
   * Component: DSP Variant: Library Version: 1.6.0
   * Component: Startup Version: 1.1.0

Package Vendor: Keil
                http://www.keil.com/pack/Keil.ARM_Compiler.1.6.1.pack
                Keil.ARM_Compiler.1.6.1
                Keil ARM Compiler extensions for ARM Compiler 5 and ARM Compiler 6
   * Component: STDOUT Variant: ITM Version: 1.2.0

<h2>Collection of Component include folders:</h2>
  .\RTE\_GXX_Lab1
  C:\Keil_v5\ARM\PACK\ARM\CMSIS\5.5.1\CMSIS\Core\Include
  C:\Keil_v5\ARM\PACK\ARM\CMSIS\5.5.1\CMSIS\DSP\Include
  C:\Keil_v5\ARM\PACK\ARM\CMSIS\5.5.1\Device\ARM\ARMCM4\Include

<h2>Collection of Component Files used:</h2>

   * Component: ARM::CMSIS:CORE:5.2.0

   * Component: ARM::CMSIS:DSP:Library:1.6.0
      Library file:  CMSIS\DSP\Lib\ARM\arm_cortexM4lf_math.lib
      Include file:  CMSIS\DSP\Include\arm_math.h

   * Component: ARM::Device:Startup:1.1.0
      Source file:   Device\ARM\ARMCM4\Source\system_ARMCM4.c
      Source file:   Device\ARM\ARMCM4\Source\ARM\startup_ARMCM4.s

   * Component: Keil.ARM Compiler::Compiler:I/O:STDOUT:ITM:1.2.0
      Source file:   Source\retarget_io.c
Build Time Elapsed:  00:00:01
</pre>
</body>
</html>
